[debug] [2025-04-05T10:49:29.558Z] ----------------------------------------------------------------------
[debug] [2025-04-05T10:49:29.560Z] Command:       C:\Program Files\nodejs\node.exe C:\Users\55341\AppData\Roaming\npm\node_modules\firebase-tools\lib\bin\firebase.js init
[debug] [2025-04-05T10:49:29.561Z] CLI Version:   14.0.1
[debug] [2025-04-05T10:49:29.561Z] Platform:      win32
[debug] [2025-04-05T10:49:29.561Z] Node Version:  v22.14.0
[debug] [2025-04-05T10:49:29.561Z] Time:          Sat Apr 05 2025 19:49:29 GMT+0900 (대한민국 표준시)
[debug] [2025-04-05T10:49:29.561Z] ----------------------------------------------------------------------
[debug] 
[debug] [2025-04-05T10:49:29.563Z] >>> [apiv2][query] GET https://firebase-public.firebaseio.com/cli.json [none]
[debug] [2025-04-05T10:49:29.597Z] > command requires scopes: ["email","openid","https://www.googleapis.com/auth/cloudplatformprojects.readonly","https://www.googleapis.com/auth/firebase","https://www.googleapis.com/auth/cloud-platform"]
[debug] [2025-04-05T10:49:29.597Z] > authorizing via signed-in user (5534196@gmail.com)
[info] 
     ######## #### ########  ######## ########     ###     ######  ########
     ##        ##  ##     ## ##       ##     ##  ##   ##  ##       ##
     ######    ##  ########  ######   ########  #########  ######  ######
     ##        ##  ##    ##  ##       ##     ## ##     ##       ## ##
     ##       #### ##     ## ######## ########  ##     ##  ######  ########

You're about to initialize a Firebase project in this directory:

  C:\Users\55341\StudioProjects\PreviewactivytyBangBang

[debug] [2025-04-05T10:49:29.984Z] <<< [apiv2][status] GET https://firebase-public.firebaseio.com/cli.json 200
[debug] [2025-04-05T10:49:29.984Z] <<< [apiv2][body] GET https://firebase-public.firebaseio.com/cli.json {"cloudBuildErrorAfter":1594252800000,"cloudBuildWarnAfter":1590019200000,"defaultNode10After":1594252800000,"minVersion":"3.0.5","node8DeploysDisabledAfter":1613390400000,"node8RuntimeDisabledAfter":1615809600000,"node8WarnAfter":1600128000000}
[info] 
=== Project Setup
[info] 
[info] First, let's associate this project directory with a Firebase project.
[info] You can create multiple project aliases by running firebase use --add, 
[info] but for now we'll just set up a default project.
[info] 
[debug] [2025-04-05T10:53:30.122Z] Checked if tokens are valid: false, expires at: 1743356805821
[debug] [2025-04-05T10:53:30.122Z] Checked if tokens are valid: false, expires at: 1743356805821
[debug] [2025-04-05T10:53:30.122Z] > refreshing access token with scopes: []
[debug] [2025-04-05T10:53:30.123Z] >>> [apiv2][query] POST https://www.googleapis.com/oauth2/v3/token [none]
[debug] [2025-04-05T10:53:30.123Z] >>> [apiv2][body] POST https://www.googleapis.com/oauth2/v3/token [omitted]
[debug] [2025-04-05T10:53:30.379Z] <<< [apiv2][status] POST https://www.googleapis.com/oauth2/v3/token 200
[debug] [2025-04-05T10:53:30.379Z] <<< [apiv2][body] POST https://www.googleapis.com/oauth2/v3/token [omitted]
[debug] [2025-04-05T10:53:30.390Z] >>> [apiv2][query] GET https://firebase.googleapis.com/v1beta1/projects pageSize=100
[debug] [2025-04-05T10:53:31.086Z] <<< [apiv2][status] GET https://firebase.googleapis.com/v1beta1/projects 200
[debug] [2025-04-05T10:53:31.086Z] <<< [apiv2][body] GET https://firebase.googleapis.com/v1beta1/projects [omitted]
[info] i  Using project ace-momentum-234113 (PreviewactivytyBangBang) 
[info] 
=== Dataconnect Setup
[debug] [2025-04-05T10:54:12.161Z] Checked if tokens are valid: true, expires at: 1743854009379
[debug] [2025-04-05T10:54:12.161Z] Checked if tokens are valid: true, expires at: 1743854009379
[debug] [2025-04-05T10:54:12.161Z] >>> [apiv2][query] GET https://cloudbilling.googleapis.com/v1/projects/ace-momentum-234113/billingInfo [none]
[debug] [2025-04-05T10:54:13.425Z] <<< [apiv2][status] GET https://cloudbilling.googleapis.com/v1/projects/ace-momentum-234113/billingInfo 200
[debug] [2025-04-05T10:54:13.425Z] <<< [apiv2][body] GET https://cloudbilling.googleapis.com/v1/projects/ace-momentum-234113/billingInfo {"name":"projects/ace-momentum-234113/billingInfo","projectId":"ace-momentum-234113","billingAccountName":"","billingEnabled":false}
[info] i  dataconnect: ensuring required API sqladmin.googleapis.com is enabled... 
[debug] [2025-04-05T10:54:13.427Z] Checked if tokens are valid: true, expires at: 1743854009379
[debug] [2025-04-05T10:54:13.427Z] Checked if tokens are valid: true, expires at: 1743854009379
[debug] [2025-04-05T10:54:13.427Z] >>> [apiv2][query] GET https://serviceusage.googleapis.com/v1/projects/ace-momentum-234113/services/sqladmin.googleapis.com [none]
[debug] [2025-04-05T10:54:13.427Z] >>> [apiv2][(partial)header] GET https://serviceusage.googleapis.com/v1/projects/ace-momentum-234113/services/sqladmin.googleapis.com x-goog-quota-user=projects/ace-momentum-234113
[debug] [2025-04-05T10:54:14.854Z] <<< [apiv2][status] GET https://serviceusage.googleapis.com/v1/projects/ace-momentum-234113/services/sqladmin.googleapis.com 200
[debug] [2025-04-05T10:54:14.854Z] <<< [apiv2][body] GET https://serviceusage.googleapis.com/v1/projects/ace-momentum-234113/services/sqladmin.googleapis.com [omitted]
[info] +  dataconnect: required API sqladmin.googleapis.com is enabled 
[info] i  dataconnect\dataconnect.yaml is unchanged 
[info] i  dataconnect\schema\schema.gql is unchanged 
[info] +  Wrote dataconnect\connector\connector.yaml 
[info] i  dataconnect\connector\queries.gql is unchanged 
[info] i  dataconnect\connector\mutations.gql is unchanged 
[info] +  Detected multiple app platforms in directory C:\Users\55341\StudioProjects\PreviewactivytyBangBang 
[info] i  Writing your new SDK configuration to C:\Users\55341\StudioProjects\PreviewactivytyBangBang\dataconnect\connector/connector.yaml 
[info] +  Wrote dataconnect\connector\connector.yaml 
[debug] [2025-04-05T10:55:25.034Z] defaultcredentials: writing to file C:\Users\55341\AppData\Roaming\firebase\5534196_gmail_com_application_default_credentials.json
[debug] [2025-04-05T10:55:25.035Z] Setting GAC to C:\Users\55341\AppData\Roaming\firebase\5534196_gmail_com_application_default_credentials.json {"metadata":{"emulator":{"name":"dataconnect"},"message":"Setting GAC to C:\\Users\\55341\\AppData\\Roaming\\firebase\\5534196_gmail_com_application_default_credentials.json"}}
[info] I0405 19:55:25.179262   15800 codegen.go:82] [connector "default" kotlinSdk] Generating sources into "C:\\Users\\55341\\StudioProjects\\PreviewactivytyBangBang\\app\\src\\main\\java\\connectors\\default"
I0405 19:55:25.207852   15800 generate.go:40] Generated all sources. Writing them to disk...
I0405 19:55:25.208387   15800 collector.go:107] connector "default" kotlinSdk wrote into "C:\\Users\\55341\\StudioProjects\\PreviewactivytyBangBang\\app\\src\\main\\java\\connectors\\default"
Generated sources: DefaultConnector.kt [8318B] DefaultConnectorKeys.kt [799B] DefaultConnectorEnums.kt [797B] 

[info] i  Generated SDK code for default 
[info] +  If you'd like to add more generated SDKs to your app your later, run firebase init dataconnect:sdk again 
[info] i  If you'd like to provision a CloudSQL Postgres instance on the Firebase Data Connect no-cost trial:
1. Please upgrade to the pay-as-you-go (Blaze) billing plan. Visit the following page:
     https://console.firebase.google.com/project/ace-momentum-234113/usage/details
2. Run firebase init dataconnect again to configure the Cloud SQL instance.
3. Run firebase deploy --only dataconnect to deploy your Data Connect service. 
[info] 
=== Firestore Setup
[debug] [2025-04-05T10:55:25.210Z] Checked if tokens are valid: true, expires at: 1743854009379
[debug] [2025-04-05T10:55:25.210Z] Checked if tokens are valid: true, expires at: 1743854009379
[debug] [2025-04-05T10:55:25.210Z] >>> [apiv2][query] GET https://serviceusage.googleapis.com/v1/projects/ace-momentum-234113/services/firestore.googleapis.com [none]
[debug] [2025-04-05T10:55:25.210Z] >>> [apiv2][(partial)header] GET https://serviceusage.googleapis.com/v1/projects/ace-momentum-234113/services/firestore.googleapis.com x-goog-quota-user=projects/ace-momentum-234113
[debug] [2025-04-05T10:55:26.548Z] <<< [apiv2][status] GET https://serviceusage.googleapis.com/v1/projects/ace-momentum-234113/services/firestore.googleapis.com 200
[debug] [2025-04-05T10:55:26.548Z] <<< [apiv2][body] GET https://serviceusage.googleapis.com/v1/projects/ace-momentum-234113/services/firestore.googleapis.com [omitted]
[debug] [2025-04-05T10:55:26.548Z] Checked if tokens are valid: true, expires at: 1743854009379
[debug] [2025-04-05T10:55:26.549Z] Checked if tokens are valid: true, expires at: 1743854009379
[debug] [2025-04-05T10:55:26.549Z] >>> [apiv2][query] GET https://firestore.googleapis.com/v1/projects/ace-momentum-234113/databases/(default) [none]
[debug] [2025-04-05T10:55:26.786Z] <<< [apiv2][status] GET https://firestore.googleapis.com/v1/projects/ace-momentum-234113/databases/(default) 200
[debug] [2025-04-05T10:55:26.786Z] <<< [apiv2][body] GET https://firestore.googleapis.com/v1/projects/ace-momentum-234113/databases/(default) {"name":"projects/ace-momentum-234113/databases/(default)","uid":"96ddacfa-7e54-4a8a-88cd-1eeb79dd9f22","createTime":"2025-03-30T16:54:34.609424Z","updateTime":"2025-03-30T16:54:34.609424Z","locationId":"asia-northeast3","type":"FIRESTORE_NATIVE","concurrencyMode":"PESSIMISTIC","versionRetentionPeriod":"3600s","earliestVersionTime":"2025-04-05T09:55:28.137442Z","appEngineIntegrationMode":"DISABLED","keyPrefix":"v","pointInTimeRecoveryEnablement":"POINT_IN_TIME_RECOVERY_DISABLED","deleteProtectionState":"DELETE_PROTECTION_DISABLED","databaseEdition":"STANDARD","freeTier":true,"etag":"IOS9lbrdwIwDMIOXupKrsowD"}
[debug] [2025-04-05T10:55:26.786Z] database_type: FIRESTORE_NATIVE
[debug] [2025-04-05T10:55:26.786Z] database_type: FIRESTORE_NATIVE
[debug] [2025-04-05T10:55:26.787Z] > command requires scopes: ["email","openid","https://www.googleapis.com/auth/cloudplatformprojects.readonly","https://www.googleapis.com/auth/firebase","https://www.googleapis.com/auth/cloud-platform"]
[debug] [2025-04-05T10:55:26.787Z] > authorizing via signed-in user (5534196@gmail.com)
[debug] [2025-04-05T10:55:26.787Z] [iam] checking project ace-momentum-234113 for permissions ["firebase.projects.get"]
[debug] [2025-04-05T10:55:26.787Z] Checked if tokens are valid: true, expires at: 1743854009379
[debug] [2025-04-05T10:55:26.787Z] Checked if tokens are valid: true, expires at: 1743854009379
[debug] [2025-04-05T10:55:26.787Z] >>> [apiv2][query] POST https://cloudresourcemanager.googleapis.com/v1/projects/ace-momentum-234113:testIamPermissions [none]
[debug] [2025-04-05T10:55:26.787Z] >>> [apiv2][(partial)header] POST https://cloudresourcemanager.googleapis.com/v1/projects/ace-momentum-234113:testIamPermissions x-goog-quota-user=projects/ace-momentum-234113
[debug] [2025-04-05T10:55:26.787Z] >>> [apiv2][body] POST https://cloudresourcemanager.googleapis.com/v1/projects/ace-momentum-234113:testIamPermissions {"permissions":["firebase.projects.get"]}
[debug] [2025-04-05T10:55:27.764Z] <<< [apiv2][status] POST https://cloudresourcemanager.googleapis.com/v1/projects/ace-momentum-234113:testIamPermissions 200
[debug] [2025-04-05T10:55:27.764Z] <<< [apiv2][body] POST https://cloudresourcemanager.googleapis.com/v1/projects/ace-momentum-234113:testIamPermissions {"permissions":["firebase.projects.get"]}
[info] 
[info] Firestore Security Rules allow you to define how and when to allow
[info] requests. You can keep these rules in your project directory
[info] and publish them with firebase deploy.
[info] 
[debug] [2025-04-05T10:55:38.252Z] Checked if tokens are valid: true, expires at: 1743854009379
[debug] [2025-04-05T10:55:38.252Z] Checked if tokens are valid: true, expires at: 1743854009379
[debug] [2025-04-05T10:55:38.252Z] >>> [apiv2][query] GET https://firebaserules.googleapis.com/v1/projects/ace-momentum-234113/releases pageSize=10&pageToken=
[debug] [2025-04-05T10:55:39.635Z] <<< [apiv2][status] GET https://firebaserules.googleapis.com/v1/projects/ace-momentum-234113/releases 200
[debug] [2025-04-05T10:55:39.635Z] <<< [apiv2][body] GET https://firebaserules.googleapis.com/v1/projects/ace-momentum-234113/releases {"releases":[{"name":"projects/ace-momentum-234113/releases/cloud.firestore","rulesetName":"projects/ace-momentum-234113/rulesets/14312bd6-fb01-4d67-a076-ab878038baba","createTime":"2025-03-30T16:54:42.682168Z","updateTime":"2025-03-30T16:54:42.682168Z"}]}
[debug] [2025-04-05T10:55:39.635Z] Found ruleset: projects/ace-momentum-234113/rulesets/14312bd6-fb01-4d67-a076-ab878038baba
[debug] [2025-04-05T10:55:39.635Z] Checked if tokens are valid: true, expires at: 1743854009379
[debug] [2025-04-05T10:55:39.635Z] Checked if tokens are valid: true, expires at: 1743854009379
[debug] [2025-04-05T10:55:39.635Z] >>> [apiv2][query] GET https://firebaserules.googleapis.com/v1/projects/ace-momentum-234113/rulesets/14312bd6-fb01-4d67-a076-ab878038baba [none]
[debug] [2025-04-05T10:55:40.683Z] <<< [apiv2][status] GET https://firebaserules.googleapis.com/v1/projects/ace-momentum-234113/rulesets/14312bd6-fb01-4d67-a076-ab878038baba 200
[debug] [2025-04-05T10:55:40.683Z] <<< [apiv2][body] GET https://firebaserules.googleapis.com/v1/projects/ace-momentum-234113/rulesets/14312bd6-fb01-4d67-a076-ab878038baba [omitted]
[info] 
[info] Firestore indexes allow you to perform complex queries while
[info] maintaining performance that scales with the size of the result
[info] set. You can keep index definitions in your project directory
[info] and publish them with firebase deploy.
[info] 
[debug] [2025-04-05T10:55:49.389Z] Checked if tokens are valid: true, expires at: 1743854009379
[debug] [2025-04-05T10:55:49.389Z] Checked if tokens are valid: true, expires at: 1743854009379
[debug] [2025-04-05T10:55:49.389Z] Checked if tokens are valid: true, expires at: 1743854009379
[debug] [2025-04-05T10:55:49.389Z] Checked if tokens are valid: true, expires at: 1743854009379
[debug] [2025-04-05T10:55:49.389Z] >>> [apiv2][query] GET https://firestore.googleapis.com/v1/projects/ace-momentum-234113/databases/(default)/collectionGroups/-/indexes [none]
[debug] [2025-04-05T10:55:49.391Z] >>> [apiv2][query] GET https://firestore.googleapis.com/v1/projects/ace-momentum-234113/databases/(default)/collectionGroups/-/fields?filter=indexConfig.usesAncestorConfig=false OR ttlConfig:* [none]
[debug] [2025-04-05T10:55:49.482Z] <<< [apiv2][status] GET https://firestore.googleapis.com/v1/projects/ace-momentum-234113/databases/(default)/collectionGroups/-/indexes 200
[debug] [2025-04-05T10:55:49.482Z] <<< [apiv2][body] GET https://firestore.googleapis.com/v1/projects/ace-momentum-234113/databases/(default)/collectionGroups/-/indexes {}
[debug] [2025-04-05T10:55:49.532Z] <<< [apiv2][status] GET https://firestore.googleapis.com/v1/projects/ace-momentum-234113/databases/(default)/collectionGroups/-/fields?filter=indexConfig.usesAncestorConfig=false OR ttlConfig:* 200
[debug] [2025-04-05T10:55:49.532Z] <<< [apiv2][body] GET https://firestore.googleapis.com/v1/projects/ace-momentum-234113/databases/(default)/collectionGroups/-/fields?filter=indexConfig.usesAncestorConfig=false OR ttlConfig:* {"fields":[{"name":"projects/ace-momentum-234113/databases/(default)/collectionGroups/__default__/fields/*","indexConfig":{"indexes":[{"queryScope":"COLLECTION","fields":[{"fieldPath":"*","order":"ASCENDING"}],"state":"READY"},{"queryScope":"COLLECTION","fields":[{"fieldPath":"*","order":"DESCENDING"}],"state":"READY"},{"queryScope":"COLLECTION","fields":[{"fieldPath":"*","arrayConfig":"CONTAINS"}],"state":"READY"}]}}]}
[info] 
=== Genkit Setup
[debug] [2025-04-05T10:55:56.819Z] > command requires scopes: ["email","openid","https://www.googleapis.com/auth/cloudplatformprojects.readonly","https://www.googleapis.com/auth/firebase","https://www.googleapis.com/auth/cloud-platform"]
[debug] [2025-04-05T10:55:56.819Z] > authorizing via signed-in user (5534196@gmail.com)
[debug] [2025-04-05T10:55:56.819Z] [iam] checking project ace-momentum-234113 for permissions ["firebase.projects.get"]
[debug] [2025-04-05T10:55:56.819Z] Checked if tokens are valid: true, expires at: 1743854009379
[debug] [2025-04-05T10:55:56.819Z] Checked if tokens are valid: true, expires at: 1743854009379
[debug] [2025-04-05T10:55:56.819Z] >>> [apiv2][query] POST https://cloudresourcemanager.googleapis.com/v1/projects/ace-momentum-234113:testIamPermissions [none]
[debug] [2025-04-05T10:55:56.819Z] >>> [apiv2][(partial)header] POST https://cloudresourcemanager.googleapis.com/v1/projects/ace-momentum-234113:testIamPermissions x-goog-quota-user=projects/ace-momentum-234113
[debug] [2025-04-05T10:55:56.819Z] >>> [apiv2][body] POST https://cloudresourcemanager.googleapis.com/v1/projects/ace-momentum-234113:testIamPermissions {"permissions":["firebase.projects.get"]}
[debug] [2025-04-05T10:55:57.855Z] <<< [apiv2][status] POST https://cloudresourcemanager.googleapis.com/v1/projects/ace-momentum-234113:testIamPermissions 200
[debug] [2025-04-05T10:55:57.855Z] <<< [apiv2][body] POST https://cloudresourcemanager.googleapis.com/v1/projects/ace-momentum-234113:testIamPermissions {"permissions":["firebase.projects.get"]}
[debug] [2025-04-05T10:55:57.855Z] Checked if tokens are valid: true, expires at: 1743854009379
[debug] [2025-04-05T10:55:57.855Z] Checked if tokens are valid: true, expires at: 1743854009379
[debug] [2025-04-05T10:55:57.855Z] Checked if tokens are valid: true, expires at: 1743854009379
[debug] [2025-04-05T10:55:57.855Z] Checked if tokens are valid: true, expires at: 1743854009379
[debug] [2025-04-05T10:55:57.855Z] >>> [apiv2][query] GET https://serviceusage.googleapis.com/v1/projects/ace-momentum-234113/services/cloudfunctions.googleapis.com [none]
[debug] [2025-04-05T10:55:57.855Z] >>> [apiv2][(partial)header] GET https://serviceusage.googleapis.com/v1/projects/ace-momentum-234113/services/cloudfunctions.googleapis.com x-goog-quota-user=projects/ace-momentum-234113
[debug] [2025-04-05T10:55:57.856Z] >>> [apiv2][query] GET https://serviceusage.googleapis.com/v1/projects/ace-momentum-234113/services/runtimeconfig.googleapis.com [none]
[debug] [2025-04-05T10:55:57.856Z] >>> [apiv2][(partial)header] GET https://serviceusage.googleapis.com/v1/projects/ace-momentum-234113/services/runtimeconfig.googleapis.com x-goog-quota-user=projects/ace-momentum-234113
[debug] [2025-04-05T10:55:59.446Z] <<< [apiv2][status] GET https://serviceusage.googleapis.com/v1/projects/ace-momentum-234113/services/runtimeconfig.googleapis.com 200
[debug] [2025-04-05T10:55:59.446Z] <<< [apiv2][body] GET https://serviceusage.googleapis.com/v1/projects/ace-momentum-234113/services/runtimeconfig.googleapis.com [omitted]
[debug] [2025-04-05T10:55:59.474Z] <<< [apiv2][status] GET https://serviceusage.googleapis.com/v1/projects/ace-momentum-234113/services/cloudfunctions.googleapis.com 200
[debug] [2025-04-05T10:55:59.474Z] <<< [apiv2][body] GET https://serviceusage.googleapis.com/v1/projects/ace-momentum-234113/services/cloudfunctions.googleapis.com [omitted]
[debug] [2025-04-05T10:55:59.474Z] Checked if tokens are valid: true, expires at: 1743854009379
[debug] [2025-04-05T10:55:59.474Z] Checked if tokens are valid: true, expires at: 1743854009379
[debug] [2025-04-05T10:55:59.474Z] >>> [apiv2][query] POST https://serviceusage.googleapis.com/v1/projects/ace-momentum-234113/services/cloudfunctions.googleapis.com:enable [none]
[debug] [2025-04-05T10:55:59.474Z] >>> [apiv2][(partial)header] POST https://serviceusage.googleapis.com/v1/projects/ace-momentum-234113/services/cloudfunctions.googleapis.com:enable x-goog-quota-user=projects/ace-momentum-234113
[debug] [2025-04-05T10:56:00.821Z] <<< [apiv2][status] POST https://serviceusage.googleapis.com/v1/projects/ace-momentum-234113/services/cloudfunctions.googleapis.com:enable 200
[debug] [2025-04-05T10:56:00.821Z] <<< [apiv2][body] POST https://serviceusage.googleapis.com/v1/projects/ace-momentum-234113/services/cloudfunctions.googleapis.com:enable [omitted]
[debug] [2025-04-05T10:56:10.836Z] Checked if tokens are valid: true, expires at: 1743854009379
[debug] [2025-04-05T10:56:10.836Z] Checked if tokens are valid: true, expires at: 1743854009379
[debug] [2025-04-05T10:56:10.836Z] >>> [apiv2][query] GET https://serviceusage.googleapis.com/v1/projects/ace-momentum-234113/services/cloudfunctions.googleapis.com [none]
[debug] [2025-04-05T10:56:10.836Z] >>> [apiv2][(partial)header] GET https://serviceusage.googleapis.com/v1/projects/ace-momentum-234113/services/cloudfunctions.googleapis.com x-goog-quota-user=projects/ace-momentum-234113
[debug] [2025-04-05T10:56:12.281Z] <<< [apiv2][status] GET https://serviceusage.googleapis.com/v1/projects/ace-momentum-234113/services/cloudfunctions.googleapis.com 200
[debug] [2025-04-05T10:56:12.282Z] <<< [apiv2][body] GET https://serviceusage.googleapis.com/v1/projects/ace-momentum-234113/services/cloudfunctions.googleapis.com [omitted]
[info] Let's create a new codebase for your functions.
[info] A directory corresponding to the codebase will be created in your project
[info] with sample code pre-configured.

[info] See https://firebase.google.com/docs/functions/organize-functions for
[info] more information on organizing your functions using codebases.

[info] Functions can be deployed with firebase deploy.

[info] +  Wrote functions/package.json 
[info] +  Wrote functions/.eslintrc.js 
[info] +  Wrote functions/tsconfig.json 
[info] +  Wrote functions/tsconfig.dev.json 
[info] +  Wrote functions/src/index.ts 
[info] +  Wrote functions/.gitignore 
[info] 
[info] i  genkit: Installing Genkit CLI version 1.5.0
 
[info] i  genkit: Installing NPM packages for genkit 
[info] +  genkit: Successfully installed NPM packages 
[info] i  genkit: Updating tsconfig.json 
[info] +  genkit: Successfully updated tsconfig.json 
[info] i  genkit: Updating package.json 
[info] +  genkit: Successfully updated package.json 
[info] i  genkit: Generating sample file 
[info] +  genkit: Successfully generated sample file (src/genkit-sample.ts) 
[info] 
Login to Google Cloud using:
[info]     gcloud auth application-default login --project undefined

[info] Then start the Genkit developer experience by running:
[info]     cd functions && npm run genkit:start
[info] 
=== Functions Setup
[debug] [2025-04-05T11:08:02.411Z] > command requires scopes: ["email","openid","https://www.googleapis.com/auth/cloudplatformprojects.readonly","https://www.googleapis.com/auth/firebase","https://www.googleapis.com/auth/cloud-platform"]
[debug] [2025-04-05T11:08:02.411Z] > authorizing via signed-in user (5534196@gmail.com)
[debug] [2025-04-05T11:08:02.411Z] [iam] checking project ace-momentum-234113 for permissions ["firebase.projects.get"]
[debug] [2025-04-05T11:08:02.411Z] Checked if tokens are valid: true, expires at: 1743854009379
[debug] [2025-04-05T11:08:02.411Z] Checked if tokens are valid: true, expires at: 1743854009379
[debug] [2025-04-05T11:08:02.411Z] >>> [apiv2][query] POST https://cloudresourcemanager.googleapis.com/v1/projects/ace-momentum-234113:testIamPermissions [none]
[debug] [2025-04-05T11:08:02.411Z] >>> [apiv2][(partial)header] POST https://cloudresourcemanager.googleapis.com/v1/projects/ace-momentum-234113:testIamPermissions x-goog-quota-user=projects/ace-momentum-234113
[debug] [2025-04-05T11:08:02.411Z] >>> [apiv2][body] POST https://cloudresourcemanager.googleapis.com/v1/projects/ace-momentum-234113:testIamPermissions {"permissions":["firebase.projects.get"]}
[debug] [2025-04-05T11:08:03.382Z] <<< [apiv2][status] POST https://cloudresourcemanager.googleapis.com/v1/projects/ace-momentum-234113:testIamPermissions 200
[debug] [2025-04-05T11:08:03.382Z] <<< [apiv2][body] POST https://cloudresourcemanager.googleapis.com/v1/projects/ace-momentum-234113:testIamPermissions {"permissions":["firebase.projects.get"]}
[debug] [2025-04-05T11:08:03.383Z] Checked if tokens are valid: true, expires at: 1743854009379
[debug] [2025-04-05T11:08:03.383Z] Checked if tokens are valid: true, expires at: 1743854009379
[debug] [2025-04-05T11:08:03.383Z] Checked if tokens are valid: true, expires at: 1743854009379
[debug] [2025-04-05T11:08:03.383Z] Checked if tokens are valid: true, expires at: 1743854009379
[debug] [2025-04-05T11:08:03.383Z] >>> [apiv2][query] GET https://serviceusage.googleapis.com/v1/projects/ace-momentum-234113/services/cloudfunctions.googleapis.com [none]
[debug] [2025-04-05T11:08:03.383Z] >>> [apiv2][(partial)header] GET https://serviceusage.googleapis.com/v1/projects/ace-momentum-234113/services/cloudfunctions.googleapis.com x-goog-quota-user=projects/ace-momentum-234113
[debug] [2025-04-05T11:08:03.383Z] >>> [apiv2][query] GET https://serviceusage.googleapis.com/v1/projects/ace-momentum-234113/services/runtimeconfig.googleapis.com [none]
[debug] [2025-04-05T11:08:03.384Z] >>> [apiv2][(partial)header] GET https://serviceusage.googleapis.com/v1/projects/ace-momentum-234113/services/runtimeconfig.googleapis.com x-goog-quota-user=projects/ace-momentum-234113
[debug] [2025-04-05T11:08:04.785Z] <<< [apiv2][status] GET https://serviceusage.googleapis.com/v1/projects/ace-momentum-234113/services/runtimeconfig.googleapis.com 200
[debug] [2025-04-05T11:08:04.785Z] <<< [apiv2][body] GET https://serviceusage.googleapis.com/v1/projects/ace-momentum-234113/services/runtimeconfig.googleapis.com [omitted]
[debug] [2025-04-05T11:08:04.839Z] <<< [apiv2][status] GET https://serviceusage.googleapis.com/v1/projects/ace-momentum-234113/services/cloudfunctions.googleapis.com 200
[debug] [2025-04-05T11:08:04.839Z] <<< [apiv2][body] GET https://serviceusage.googleapis.com/v1/projects/ace-momentum-234113/services/cloudfunctions.googleapis.com [omitted]
[info] 
Detected existing codebase(s): default

[info] Let's create a new codebase for your functions.
[info] A directory corresponding to the codebase will be created in your project
[info] with sample code pre-configured.

[info] See https://firebase.google.com/docs/functions/organize-functions for
[info] more information on organizing your functions using codebases.

[info] Functions can be deployed with firebase deploy.

[info] +  Wrote teminaldata-handler/package.json 
[info] +  Wrote teminaldata-handler/.eslintrc.js 
[info] +  Wrote teminaldata-handler/index.js 
[info] +  Wrote teminaldata-handler/.gitignore 
[info] 
=== Apphosting Setup
[debug] [2025-04-05T11:20:03.883Z] Checked if tokens are valid: true, expires at: 1743854009379
[debug] [2025-04-05T11:20:03.883Z] Checked if tokens are valid: true, expires at: 1743854009379
[debug] [2025-04-05T11:20:03.883Z] >>> [apiv2][query] GET https://cloudbilling.googleapis.com/v1/projects/ace-momentum-234113/billingInfo [none]
[debug] [2025-04-05T11:20:05.097Z] <<< [apiv2][status] GET https://cloudbilling.googleapis.com/v1/projects/ace-momentum-234113/billingInfo 200
[debug] [2025-04-05T11:20:05.097Z] <<< [apiv2][body] GET https://cloudbilling.googleapis.com/v1/projects/ace-momentum-234113/billingInfo {"name":"projects/ace-momentum-234113/billingInfo","projectId":"ace-momentum-234113","billingAccountName":"","billingEnabled":false}
[info] i  Writing default settings to apphosting.yaml... 
[info] +  Wrote apphosting.yaml 
[info] +  Create a new App Hosting backend with `firebase apphosting:backends:create` 
[info] 
=== Hosting Setup
[debug] [2025-04-05T11:20:05.099Z] Checked if tokens are valid: true, expires at: 1743854009379
[debug] [2025-04-05T11:20:05.099Z] Checked if tokens are valid: true, expires at: 1743854009379
[debug] [2025-04-05T11:20:05.100Z] >>> [apiv2][query] GET https://firebase.googleapis.com/v1beta1/projects/ace-momentum-234113 [none]
[debug] [2025-04-05T11:20:05.531Z] <<< [apiv2][status] GET https://firebase.googleapis.com/v1beta1/projects/ace-momentum-234113 200
[debug] [2025-04-05T11:20:05.531Z] <<< [apiv2][body] GET https://firebase.googleapis.com/v1beta1/projects/ace-momentum-234113 {"projectId":"ace-momentum-234113","projectNumber":"489334723881","displayName":"PreviewactivytyBangBang","name":"projects/ace-momentum-234113","resources":{"hostingSite":"ace-momentum-234113"},"state":"ACTIVE","etag":"1_83a4805f-4bd3-4e7d-98b5-ff6851af327d"}
[info] 
[info] Your public directory is the folder (relative to your project directory) that
[info] will contain Hosting assets to be uploaded with firebase deploy. If you
[info] have a build process for your assets, use your build's output directory.
[info] 
[info] +  Wrote public/404.html 
[debug] [2025-04-05T11:29:09.789Z] >>> [apiv2][query] GET https://www.gstatic.com/firebasejs/releases.json [none]
[debug] [2025-04-05T11:29:10.018Z] <<< [apiv2][status] GET https://www.gstatic.com/firebasejs/releases.json 200
[debug] [2025-04-05T11:29:10.018Z] <<< [apiv2][body] GET https://www.gstatic.com/firebasejs/releases.json {"current":{"version":"11.6.0","browserURL":"https://www.gstatic.com/firebasejs/11.6.0/firebase.js","packageURL":"https://www.gstatic.com/firebasejs/11.6.0/firebase.tgz"},"live":{"version":"11.6","browserURL":"https://www.gstatic.com/firebasejs/live/11.6/firebase.js","packageURL":"https://www.gstatic.com/firebasejs/live/11.6/firebase.tgz"},"components":{"analytics":"https://www.gstatic.com/firebasejs/11.6.0/firebase-analytics.js","app":"https://www.gstatic.com/firebasejs/11.6.0/firebase-app.js","app-check":"https://www.gstatic.com/firebasejs/11.6.0/firebase-app-check.js","auth":"https://www.gstatic.com/firebasejs/11.6.0/firebase-auth.js","auth/cordova":"https://www.gstatic.com/firebasejs/11.6.0/firebase-auth/cordova.js","auth/web-extension":"https://www.gstatic.com/firebasejs/11.6.0/firebase-auth/web-extension.js","functions":"https://www.gstatic.com/firebasejs/11.6.0/firebase-functions.js","firestore":"https://www.gstatic.com/firebasejs/11.6.0/firebase-firestore.js","firestore/lite":"https://www.gstatic.com/firebasejs/11.6.0/firebase-firestore/lite.js","installations":"https://www.gstatic.com/firebasejs/11.6.0/firebase-installations.js","storage":"https://www.gstatic.com/firebasejs/11.6.0/firebase-storage.js","performance":"https://www.gstatic.com/firebasejs/11.6.0/firebase-performance.js","remote-config":"https://www.gstatic.com/firebasejs/11.6.0/firebase-remote-config.js","messaging":"https://www.gstatic.com/firebasejs/11.6.0/firebase-messaging.js","messaging/sw":"https://www.gstatic.com/firebasejs/11.6.0/firebase-messaging/sw.js","database":"https://www.gstatic.com/firebasejs/11.6.0/firebase-database.js","vertexai":"https://www.gstatic.com/firebasejs/11.6.0/firebase-vertexai.js","data-connect":"https://www.gstatic.com/firebasejs/11.6.0/firebase-data-connect.js","firestore.memory":"https://www.gstatic.com/firebasejs/11.6.0/firebase-firestore.memory.js"}}
[info] +  Wrote public/index.html 
[info] 
[info] i  Detected a .git folder at C:\Users\55341 
[info] i  Authorizing with GitHub to upload your service account to a GitHub repository's secrets store. 
[info] 
[info] Visit this URL on this device to log in:
[info] https://github.com/login/oauth/authorize?client_id=89cf50f02ac6aaed3484&state=800483387&redirect_uri=http%3A%2F%2Flocalhost%3A9005&scope=read%3Auser%20repo%20public_repo
[info] 
[info] Waiting for authentication...
[debug] [2025-04-05T11:29:51.118Z] >>> [apiv2][query] POST https://github.com/login/oauth/access_token [none]
[debug] [2025-04-05T11:29:51.118Z] >>> [apiv2][body] POST https://github.com/login/oauth/access_token [stream]
[debug] [2025-04-05T11:29:51.422Z] <<< [apiv2][status] POST https://github.com/login/oauth/access_token 200
[debug] [2025-04-05T11:29:51.422Z] <<< [apiv2][body] POST https://github.com/login/oauth/access_token {"access_token":"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","token_type":"bearer","scope":"read:user,repo"}
[debug] [2025-04-05T11:29:51.425Z] >>> [apiv2][query] GET https://api.github.com/user [none]
[debug] [2025-04-05T11:29:51.730Z] <<< [apiv2][status] GET https://api.github.com/user 200
[debug] [2025-04-05T11:29:51.730Z] <<< [apiv2][body] GET https://api.github.com/user {"login":"1253senorita","id":136488814,"node_id":"U_kgDOCCKnbg","avatar_url":"https://avatars.githubusercontent.com/u/136488814?v=4","gravatar_id":"","url":"https://api.github.com/users/1253senorita","html_url":"https://github.com/1253senorita","followers_url":"https://api.github.com/users/1253senorita/followers","following_url":"https://api.github.com/users/1253senorita/following{/other_user}","gists_url":"https://api.github.com/users/1253senorita/gists{/gist_id}","starred_url":"https://api.github.com/users/1253senorita/starred{/owner}{/repo}","subscriptions_url":"https://api.github.com/users/1253senorita/subscriptions","organizations_url":"https://api.github.com/users/1253senorita/orgs","repos_url":"https://api.github.com/users/1253senorita/repos","events_url":"https://api.github.com/users/1253senorita/events{/privacy}","received_events_url":"https://api.github.com/users/1253senorita/received_events","type":"User","user_view_type":"private","site_admin":false,"name":null,"company":null,"blog":"","location":null,"email":null,"hireable":null,"bio":null,"twitter_username":null,"notification_email":null,"public_repos":0,"public_gists":0,"followers":0,"following":0,"created_at":"2023-06-13T16:02:14Z","updated_at":"2025-01-04T22:50:27Z","private_gists":0,"total_private_repos":4,"owned_private_repos":4,"disk_usage":24998,"collaborators":0,"two_factor_authentication":false,"plan":{"name":"free","space":976562499,"collaborators":0,"private_repos":10000}}
[info] 
[info] +  Success! Logged into GitHub as 1253senorita 
[info] 
[debug] [2025-04-05T11:31:27.077Z] >>> [apiv2][query] GET https://api.github.com/repos//actions/secrets/public-key type=owner
[debug] [2025-04-05T11:31:27.326Z] <<< [apiv2][status] GET https://api.github.com/repos//actions/secrets/public-key 404
[debug] [2025-04-05T11:31:27.327Z] <<< [apiv2][body] GET https://api.github.com/repos//actions/secrets/public-key {"message":"Not Found","documentation_url":"https://docs.github.com/rest","status":"404"}
[info] 
[info] 
[error] !  The provided authorization cannot be used with this repository. If this repository is in an organization, did you remember to grant access? 
[info] 
[info] i  Action required: Visit this URL to ensure access has been granted to the appropriate organization(s) for the Firebase CLI GitHub OAuth App: 
[info] https://github.com/settings/connections/applications/89cf50f02ac6aaed3484
[info] 
[debug] [2025-04-05T11:31:54.733Z] >>> [apiv2][query] GET https://api.github.com/repos//actions/secrets/public-key type=owner
[debug] [2025-04-05T11:31:54.983Z] <<< [apiv2][status] GET https://api.github.com/repos//actions/secrets/public-key 404
[debug] [2025-04-05T11:31:54.983Z] <<< [apiv2][body] GET https://api.github.com/repos//actions/secrets/public-key {"message":"Not Found","documentation_url":"https://docs.github.com/rest","status":"404"}
[info] 
[info] 
[error] !  The provided authorization cannot be used with this repository. If this repository is in an organization, did you remember to grant access? 
[info] 
[info] i  Action required: Visit this URL to ensure access has been granted to the appropriate organization(s) for the Firebase CLI GitHub OAuth App: 
[info] https://github.com/settings/connections/applications/89cf50f02ac6aaed3484
[info] 
[debug] [2025-04-05T11:42:55.679Z] >>> [apiv2][query] GET https://api.github.com/repos//actions/secrets/public-key type=owner
[debug] [2025-04-05T11:42:55.926Z] <<< [apiv2][status] GET https://api.github.com/repos//actions/secrets/public-key 404
[debug] [2025-04-05T11:42:55.927Z] <<< [apiv2][body] GET https://api.github.com/repos//actions/secrets/public-key {"message":"Not Found","documentation_url":"https://docs.github.com/rest","status":"404"}
[info] 
[info] 
[error] !  The provided authorization cannot be used with this repository. If this repository is in an organization, did you remember to grant access? 
[info] 
[info] i  Action required: Visit this URL to ensure access has been granted to the appropriate organization(s) for the Firebase CLI GitHub OAuth App: 
[info] https://github.com/settings/connections/applications/89cf50f02ac6aaed3484
[info] 
[debug] [2025-04-05T11:52:21.287Z] >>> [apiv2][query] GET https://api.github.com/repos//actions/secrets/public-key type=owner
[debug] [2025-04-05T11:52:21.578Z] <<< [apiv2][status] GET https://api.github.com/repos//actions/secrets/public-key 404
[debug] [2025-04-05T11:52:21.578Z] <<< [apiv2][body] GET https://api.github.com/repos//actions/secrets/public-key {"message":"Not Found","documentation_url":"https://docs.github.com/rest","status":"404"}
[info] 
[info] 
[error] !  The provided authorization cannot be used with this repository. If this repository is in an organization, did you remember to grant access? 
[info] 
[info] i  Action required: Visit this URL to ensure access has been granted to the appropriate organization(s) for the Firebase CLI GitHub OAuth App: 
[info] https://github.com/settings/connections/applications/89cf50f02ac6aaed3484
[info] 
[debug] [2025-04-05T11:57:47.958Z] >>> [apiv2][query] GET https://api.github.com/repos/y/actions/secrets/public-key type=owner
[debug] [2025-04-05T11:57:48.219Z] <<< [apiv2][status] GET https://api.github.com/repos/y/actions/secrets/public-key 404
[debug] [2025-04-05T11:57:48.219Z] <<< [apiv2][body] GET https://api.github.com/repos/y/actions/secrets/public-key {"message":"Not Found","documentation_url":"https://docs.github.com/rest","status":"404"}
[info] 
[info] 
[error] !  The provided authorization cannot be used with this repository. If this repository is in an organization, did you remember to grant access? 
[info] 
[info] i  Action required: Visit this URL to ensure access has been granted to the appropriate organization(s) for the Firebase CLI GitHub OAuth App: 
[info] https://github.com/settings/connections/applications/89cf50f02ac6aaed3484
[info] 
[debug] [2025-04-05T11:57:51.853Z] >>> [apiv2][query] GET https://api.github.com/repos//actions/secrets/public-key type=owner
[debug] [2025-04-05T11:57:52.079Z] <<< [apiv2][status] GET https://api.github.com/repos//actions/secrets/public-key 404
[debug] [2025-04-05T11:57:52.079Z] <<< [apiv2][body] GET https://api.github.com/repos//actions/secrets/public-key {"message":"Not Found","documentation_url":"https://docs.github.com/rest","status":"404"}
[info] 
[info] 
[error] !  The provided authorization cannot be used with this repository. If this repository is in an organization, did you remember to grant access? 
[info] 
[info] i  Action required: Visit this URL to ensure access has been granted to the appropriate organization(s) for the Firebase CLI GitHub OAuth App: 
[info] https://github.com/settings/connections/applications/89cf50f02ac6aaed3484
[info] 
[debug] [2025-04-05T12:07:43.516Z] >>> [apiv2][query] GET https://api.github.com/repos//actions/secrets/public-key type=owner
[debug] [2025-04-05T12:07:43.773Z] <<< [apiv2][status] GET https://api.github.com/repos//actions/secrets/public-key 404
[debug] [2025-04-05T12:07:43.773Z] <<< [apiv2][body] GET https://api.github.com/repos//actions/secrets/public-key {"message":"Not Found","documentation_url":"https://docs.github.com/rest","status":"404"}
[info] 
[info] 
[error] !  The provided authorization cannot be used with this repository. If this repository is in an organization, did you remember to grant access? 
[info] 
[info] i  Action required: Visit this URL to ensure access has been granted to the appropriate organization(s) for the Firebase CLI GitHub OAuth App: 
[info] https://github.com/settings/connections/applications/89cf50f02ac6aaed3484
[info] 
[debug] [2025-04-05T12:09:29.501Z] >>> [apiv2][query] GET https://api.github.com/repos//actions/secrets/public-key type=owner
[debug] [2025-04-05T12:09:29.756Z] <<< [apiv2][status] GET https://api.github.com/repos//actions/secrets/public-key 404
[debug] [2025-04-05T12:09:29.756Z] <<< [apiv2][body] GET https://api.github.com/repos//actions/secrets/public-key {"message":"Not Found","documentation_url":"https://docs.github.com/rest","status":"404"}
[info] 
[info] 
[error] !  The provided authorization cannot be used with this repository. If this repository is in an organization, did you remember to grant access? 
[info] 
[info] i  Action required: Visit this URL to ensure access has been granted to the appropriate organization(s) for the Firebase CLI GitHub OAuth App: 
[info] https://github.com/settings/connections/applications/89cf50f02ac6aaed3484
[info] 
[debug] [2025-04-05T12:36:11.343Z] >>> [apiv2][query] GET https://api.github.com/repos/firebase logout/actions/secrets/public-key type=owner
[debug] [2025-04-05T12:36:11.612Z] <<< [apiv2][status] GET https://api.github.com/repos/firebase logout/actions/secrets/public-key 404
[debug] [2025-04-05T12:36:11.613Z] <<< [apiv2][body] GET https://api.github.com/repos/firebase logout/actions/secrets/public-key {"message":"Not Found","documentation_url":"https://docs.github.com/rest","status":"404"}
[info] 
[info] 
[error] !  The provided authorization cannot be used with this repository. If this repository is in an organization, did you remember to grant access? 
[info] 
[info] i  Action required: Visit this URL to ensure access has been granted to the appropriate organization(s) for the Firebase CLI GitHub OAuth App: 
[info] https://github.com/settings/connections/applications/89cf50f02ac6aaed3484
[info] 
[debug] [2025-04-05T12:36:48.130Z] >>> [apiv2][query] GET https://api.github.com/repos/firebase loginfirebase logout/actions/secrets/public-key type=owner
[debug] [2025-04-05T12:36:48.406Z] <<< [apiv2][status] GET https://api.github.com/repos/firebase loginfirebase logout/actions/secrets/public-key 404
[debug] [2025-04-05T12:36:48.406Z] <<< [apiv2][body] GET https://api.github.com/repos/firebase loginfirebase logout/actions/secrets/public-key {"message":"Not Found","documentation_url":"https://docs.github.com/rest","status":"404"}
[info] 
[info] 
[error] !  The provided authorization cannot be used with this repository. If this repository is in an organization, did you remember to grant access? 
[info] 
[info] i  Action required: Visit this URL to ensure access has been granted to the appropriate organization(s) for the Firebase CLI GitHub OAuth App: 
[info] https://github.com/settings/connections/applications/89cf50f02ac6aaed3484
[info] 
[debug] [2025-04-05T12:37:10.973Z] ----------------------------------------------------------------------
[debug] [2025-04-05T12:37:10.975Z] Command:       C:\Program Files\nodejs\node.exe C:\Users\55341\AppData\Roaming\npm\node_modules\firebase-tools\lib\bin\firebase.js init hosting
[debug] [2025-04-05T12:37:10.975Z] CLI Version:   14.0.1
[debug] [2025-04-05T12:37:10.975Z] Platform:      win32
[debug] [2025-04-05T12:37:10.975Z] Node Version:  v22.14.0
[debug] [2025-04-05T12:37:10.976Z] Time:          Sat Apr 05 2025 21:37:10 GMT+0900 (대한민국 표준시)
[debug] [2025-04-05T12:37:10.976Z] ----------------------------------------------------------------------
[debug] 
[debug] [2025-04-05T12:37:10.979Z] > command requires scopes: ["email","openid","https://www.googleapis.com/auth/cloudplatformprojects.readonly","https://www.googleapis.com/auth/firebase","https://www.googleapis.com/auth/cloud-platform"]
[debug] [2025-04-05T12:37:10.980Z] > authorizing via signed-in user (5534196@gmail.com)
[info] 
     ######## #### ########  ######## ########     ###     ######  ########
     ##        ##  ##     ## ##       ##     ##  ##   ##  ##       ##
     ######    ##  ########  ######   ########  #########  ######  ######
     ##        ##  ##    ##  ##       ##     ## ##     ##       ## ##
     ##       #### ##     ## ######## ########  ##     ##  ######  ########

You're about to initialize a Firebase project in this directory:

  C:\Users\55341\StudioProjects\PreviewactivytyBangBang

[info] 
=== Project Setup
[info] 
[info] First, let's associate this project directory with a Firebase project.
[info] You can create multiple project aliases by running firebase use --add, 
[info] but for now we'll just set up a default project.
[info] 
